<?xml version="1.0"?>
<testsuites>
  <testsuite name="example_suite">
    <testcase name="example_case" assertions="example_assertion" time="10" classname="example_class" status="failure">
      <failure type="example_attributes" message="attributes_test_case" />
    </testcase>
  </testsuite>
  <testsuite name="example_suites" />
</testsuites>
