<?xml version="1.0"?>
<testsuites>
	<testsuite name="example_suite">
		<testcase name="example_case">
			<failure type="example_failure" message="failure_test_case" />
		</testcase>
	</testsuite>
	<testsuite name="example_suites" />
</testsuites>
